[      53ms] [ERROR] Failed to load resource: net::ERR_FAILED @ chrome-extension://invalid/:0
[     660ms] [ERROR] Failed to load resource: net::ERR_FILE_NOT_FOUND @ filesystem:https://docs.google.com/persistent/docs/fonts/4Ua_rENHsxJlGDuGo1OIlJfC6l_24rlCK1Yo_Iqcsih3SAyH6cAwhX9RFD48TE63OOYKtrwEIKln.woff2:0
[     660ms] [ERROR] Failed to load resource: net::ERR_FILE_NOT_FOUND @ filesystem:https://docs.google.com/persistent/docs/fonts/4Ua_rENHsxJlGDuGo1OIlJfC6l_24rlCK1Yo_Iqcsih3SAyH6cAwhX9RFD48TE63OOYKtrzjJ6ln.woff2:0
[     661ms] [ERROR] Failed to load resource: net::ERR_FILE_NOT_FOUND @ filesystem:https://docs.google.com/persistent/docs/fonts/4Ua9rENHsxJlGDuGo1OIlL3L2JB874GPhFI9_IqmuRqGpjeaLi42kO8QvnQOs5beU3yksanMY0Ehpyk.woff2:0
[     661ms] [ERROR] Failed to load resource: net::ERR_FILE_NOT_FOUND @ filesystem:https://docs.google.com/persistent/docs/fonts/4Ua9rENHsxJlGDuGo1OIlL3L2JB874GPhFI9_IqmuRqGpjeaLi42kO8QvnQOs5beU3yksanMY6Ympyk.woff2:0
[    6812ms] [WARNING] An iframe which has both allow-scripts and allow-same-origin for its sandbox attribute can escape its sandboxing. @ https://docs.google.com/drivesharing/clientmodel?id=10miQgFCJGMW1EFUEsolCCgYouQpWyazYympA9ODSDpA&foreignService=ritz&authuser=0&origin=https%3A%2F%2Fdocs.google.com:0
[    9767ms] [ERROR] Failed to load resource: net::ERR_FAILED @ chrome-extension://invalid/:0
[   10080ms] [ERROR] Failed to load resource: net::ERR_FAILED @ chrome-extension://invalid/:0
[   10128ms] [ERROR] Failed to load resource: net::ERR_FAILED @ chrome-extension://invalid/:0
[   10145ms] [ERROR] Failed to load resource: net::ERR_FAILED @ chrome-extension://invalid/:0
[   73369ms] [ERROR] Failed to load resource: the server responded with a status of 400 () @ https://docs.google.com/spreadsheets/d/10miQgFCJGMW1EFUEsolCCgYouQpWyazYympA9ODSDpA/bind?id=10miQgFCJGMW1EFUEsolCCgYouQpWyazYympA9ODSDpA&sid=3a93391978850623&token=AC4w5VgGHfoDyePYwd9bIy-w5lJGisch2Q%3A1774929001736&ouid=116828114928812882336&includes_info_params=true&usp=drive_web&cros_files=false&nded=false&VER=8&lsq=1774928768206&u=04124542385504245822&vc=1&c=1&w=1&flr=0&gsi=0&smv=2147483647&smb=%5B2147483647%2C%20APwL%5D&cimpl=1&SID=ADBC3D331B3F2AFA&RID=88863&TYPE=terminate&zx=zhxqyct4pu0t:0
[ 1319710ms] [ERROR] Failed to load resource: net::ERR_NAME_NOT_RESOLVED @ https://ssl.gstatic.com/docs/common/netcheck.gif?zx=9p17bk12gm4m:0
[ 1319712ms] [ERROR] Failed to load resource: net::ERR_NAME_NOT_RESOLVED @ https://ssl.gstatic.com/docs/common/netcheck.gif?zx=cvraqhueiw9j:0
[ 1335169ms] [ERROR] Failed to load resource: net::ERR_NAME_NOT_RESOLVED @ https://ssl.gstatic.com/docs/common/netcheck.gif?zx=sne771jw6fah:0
[ 1335173ms] [ERROR] Failed to load resource: net::ERR_NAME_NOT_RESOLVED @ https://ssl.gstatic.com/docs/common/netcheck.gif?zx=c903rvpxssnz:0
[ 1358176ms] [ERROR] Failed to load resource: net::ERR_CONNECTION_RESET @ https://ssl.gstatic.com/docs/common/netcheck.gif?zx=4gkubb407rez:0
[ 1384012ms] [ERROR] Failed to load resource: net::ERR_NAME_NOT_RESOLVED @ https://ssl.gstatic.com/docs/common/netcheck.gif?zx=e1gr09zh2js7:0
[ 1384018ms] [ERROR] Failed to load resource: net::ERR_NAME_NOT_RESOLVED @ https://ssl.gstatic.com/docs/common/netcheck.gif?zx=ju0cr4jmc1y2:0
[ 1384018ms] [ERROR] Failed to load resource: net::ERR_NAME_NOT_RESOLVED @ https://ssl.gstatic.com/docs/common/netcheck.gif?zx=v752lkh4b7p9:0
[ 1409636ms] [ERROR] Failed to load resource: net::ERR_NAME_NOT_RESOLVED @ https://ssl.gstatic.com/docs/common/netcheck.gif?zx=2njm3d854l4w:0
[ 1431094ms] [ERROR] Failed to load resource: net::ERR_NAME_NOT_RESOLVED @ https://ssl.gstatic.com/docs/common/netcheck.gif?zx=14rjmapcfeui:0
[ 1445656ms] [ERROR] Failed to load resource: net::ERR_NAME_NOT_RESOLVED @ https://ssl.gstatic.com/docs/common/netcheck.gif?zx=3d4spb2wtqsm:0
[ 1445660ms] [ERROR] Failed to load resource: net::ERR_NAME_NOT_RESOLVED @ https://ssl.gstatic.com/docs/common/netcheck.gif?zx=ao6fql2ectxx:0
[ 1445660ms] [ERROR] Failed to load resource: net::ERR_NAME_NOT_RESOLVED @ https://ssl.gstatic.com/docs/common/netcheck.gif?zx=i98prbhgq10b:0
[ 1488643ms] [ERROR] Failed to load resource: net::ERR_NAME_NOT_RESOLVED @ https://ssl.gstatic.com/docs/common/netcheck.gif?zx=vvz2aackvqcq:0
[ 1488649ms] [ERROR] Failed to load resource: net::ERR_NAME_NOT_RESOLVED @ https://ssl.gstatic.com/docs/common/netcheck.gif?zx=u14hpcg7zwba:0
[ 1503217ms] [ERROR] Failed to load resource: net::ERR_NAME_NOT_RESOLVED @ https://ssl.gstatic.com/docs/common/netcheck.gif?zx=804mrlqudynd:0
[ 1503223ms] [ERROR] Failed to load resource: net::ERR_NAME_NOT_RESOLVED @ https://ssl.gstatic.com/docs/common/netcheck.gif?zx=txmf834gg219:0
[ 1518737ms] [ERROR] Failed to load resource: net::ERR_NAME_NOT_RESOLVED @ https://ssl.gstatic.com/docs/common/netcheck.gif?zx=v6rf8byichjh:0
[ 1533290ms] [ERROR] Failed to load resource: net::ERR_NAME_NOT_RESOLVED @ https://ssl.gstatic.com/docs/common/netcheck.gif?zx=xi0gdjycsav2:0
[ 1539293ms] [ERROR] Failed to load resource: net::ERR_NAME_NOT_RESOLVED @ https://waa-pa.clients6.google.com/$rpc/google.internal.waa.v1.Waa/Ping:0
[ 1539298ms] [ERROR] Failed to load resource: net::ERR_NAME_NOT_RESOLVED @ https://play.google.com/log?format=json&hasfast=true&authuser=0:0
[ 1539300ms] [ERROR] Failed to load resource: net::ERR_NAME_NOT_RESOLVED @ https://play.google.com/log?hasfast=true&auth=SAPISIDHASH+2f04c4241571c26e804ae7550571df1d3913ff12+SAPISID1PHASH+2f04c4241571c26e804ae7550571df1d3913ff12+SAPISID3PHASH+2f04c4241571c26e804ae7550571df1d3913ff12&authuser=0&format=json:0
[ 1547836ms] [ERROR] Failed to load resource: net::ERR_NAME_NOT_RESOLVED @ https://ssl.gstatic.com/docs/common/netcheck.gif?zx=14ih6p9yjf2o:0
[ 1547837ms] [ERROR] Failed to load resource: net::ERR_NAME_NOT_RESOLVED @ https://ssl.gstatic.com/docs/common/netcheck.gif?zx=2i9ldxl8r5c9:0
[ 1547838ms] [ERROR] Failed to load resource: net::ERR_NAME_NOT_RESOLVED @ https://ssl.gstatic.com/docs/common/netcheck.gif?zx=7rzz3v1rojec:0
[ 1640225ms] [ERROR] Failed to load resource: net::ERR_NAME_NOT_RESOLVED @ https://ssl.gstatic.com/docs/common/netcheck.gif?zx=6tfzyo28cjy2:0
[ 1655278ms] [ERROR] Failed to load resource: net::ERR_NETWORK_CHANGED @ https://ssl.gstatic.com/docs/common/netcheck.gif?zx=wvph1im7acw4:0
[ 1655278ms] [ERROR] Failed to load resource: net::ERR_NETWORK_CHANGED @ https://ssl.gstatic.com/docs/common/netcheck.gif?zx=b786c9bd184f:0
[ 1655805ms] [ERROR] Failed to load resource: net::ERR_NAME_NOT_RESOLVED @ https://ssl.gstatic.com/docs/common/netcheck.gif?zx=30j53n3a7ofi:0
[ 1657245ms] [ERROR] Failed to load resource: net::ERR_INTERNET_DISCONNECTED @ https://ssl.gstatic.com/docs/common/netcheck.gif?zx=lytzhap0r0hh:0
[ 1680729ms] [ERROR] Failed to load resource: net::ERR_NAME_NOT_RESOLVED @ https://ssl.gstatic.com/docs/common/netcheck.gif?zx=5jnill9z8un5:0
[ 1705042ms] [ERROR] Failed to load resource: net::ERR_NAME_NOT_RESOLVED @ https://ssl.gstatic.com/docs/common/netcheck.gif?zx=facje75obgp9:0
[ 1705044ms] [ERROR] Failed to load resource: net::ERR_NAME_NOT_RESOLVED @ https://ssl.gstatic.com/docs/common/netcheck.gif?zx=de0qpvl63ei7:0
[ 1723350ms] [ERROR] Failed to load resource: net::ERR_NAME_NOT_RESOLVED @ https://ssl.gstatic.com/docs/common/netcheck.gif?zx=5g9e7wsxsd5m:0
[ 1725195ms] [ERROR] Failed to load resource: net::ERR_NAME_NOT_RESOLVED @ https://addons-pa.clients6.google.com/$rpc/google.internal.apps.addons.v1.AddOnService/ListInstallations:0
[ 1738462ms] [ERROR] Failed to load resource: net::ERR_NETWORK_CHANGED @ https://ssl.gstatic.com/docs/common/netcheck.gif?zx=18dyhu8x6tgf:0
[ 1738462ms] [ERROR] Failed to load resource: net::ERR_NETWORK_CHANGED @ https://ssl.gstatic.com/docs/common/netcheck.gif?zx=nj4yx03h16at:0
[ 1738463ms] [ERROR] Failed to load resource: net::ERR_NETWORK_CHANGED @ https://ssl.gstatic.com/docs/common/netcheck.gif?zx=7ddrweph8xvy:0
[ 1762753ms] [ERROR] Failed to load resource: net::ERR_NAME_NOT_RESOLVED @ https://ssl.gstatic.com/docs/common/netcheck.gif?zx=90wne1mk8jhh:0
[ 1792126ms] [ERROR] Failed to load resource: net::ERR_NAME_NOT_RESOLVED @ https://ssl.gstatic.com/docs/common/netcheck.gif?zx=6bfty1wgc7qo:0
