[     636ms] [WARNING] [2026-04-05T12:21:37.481Z]  @firebase/database: FIREBASE WARNING: Exception was thrown by user callback. TypeError: roomRef.child(...).onDisconnect(...).transaction is not a function
    at http://localhost:8080/activity-live.html?room=7493:352:50
    at o (https://www.gstatic.com/firebasejs/10.14.1/firebase-database-compat.js:1:157260)
    at o (https://www.gstatic.com/firebasejs/10.14.1/firebase-database-compat.js:1:142481)
    at ds.onValue (https://www.gstatic.com/firebasejs/10.14.1/firebase-database-compat.js:1:134129)
    at https://www.gstatic.com/firebasejs/10.14.1/firebase-database-compat.js:1:141176
    at Pe (https://www.gstatic.com/firebasejs/10.14.1/firebase-database-compat.js:1:18047)
    at https://www.gstatic.com/firebasejs/10.14.1/firebase-database-compat.js:1:122575
    at Oi (https://www.gstatic.com/firebasejs/10.14.1/firebase-database-compat.js:1:122583)
    at Ai (https://www.gstatic.com/firebasejs/10.14.1/firebase-database-compat.js:1:122272)
    at Ui (https://www.gstatic.com/firebasejs/10.14.1/firebase-database-compat.js:1:125366)  @ https://www.gstatic.com/firebasejs/10.14.1/firebase-database-compat.js:0
[     641ms] Uncaught TypeError: roomRef.child(...).onDisconnect(...).transaction is not a function
    at <anonymous> (http://localhost:8080/activity-live.html?room=7493:351:49)
    at o (https://www.gstatic.com/firebasejs/10.14.1/firebase-database-compat.js:0:157259)
    at o (https://www.gstatic.com/firebasejs/10.14.1/firebase-database-compat.js:0:142480)
    at onValue (https://www.gstatic.com/firebasejs/10.14.1/firebase-database-compat.js:0:134128)
    at <anonymous> (https://www.gstatic.com/firebasejs/10.14.1/firebase-database-compat.js:0:141175)
    at Pe (https://www.gstatic.com/firebasejs/10.14.1/firebase-database-compat.js:0:18046)
    at <anonymous> (https://www.gstatic.com/firebasejs/10.14.1/firebase-database-compat.js:0:122574)
    at Oi (https://www.gstatic.com/firebasejs/10.14.1/firebase-database-compat.js:0:122582)
    at Ai (https://www.gstatic.com/firebasejs/10.14.1/firebase-database-compat.js:0:122271)
    at Ui (https://www.gstatic.com/firebasejs/10.14.1/firebase-database-compat.js:0:125365)
    at <anonymous> (https://www.gstatic.com/firebasejs/10.14.1/firebase-database-compat.js:0:123821)
    at onDataPush_ (https://www.gstatic.com/firebasejs/10.14.1/firebase-database-compat.js:0:52184)
    at onDataMessage_ (https://www.gstatic.com/firebasejs/10.14.1/firebase-database-compat.js:0:52095)
    at onDataMessage_ (https://www.gstatic.com/firebasejs/10.14.1/firebase-database-compat.js:0:37350)
    at onPrimaryMessageReceived_ (https://www.gstatic.com/firebasejs/10.14.1/firebase-database-compat.js:0:37283)
    at <anonymous> (https://www.gstatic.com/firebasejs/10.14.1/firebase-database-compat.js:0:35644)
    at appendFrame_ (https://www.gstatic.com/firebasejs/10.14.1/firebase-database-compat.js:0:31493)
    at handleIncomingFrame (https://www.gstatic.com/firebasejs/10.14.1/firebase-database-compat.js:0:32016)
    at mySock.onmessage (https://www.gstatic.com/firebasejs/10.14.1/firebase-database-compat.js:0:30753)
