[     972ms] [WARNING] Made 42 network requests to load fonts for Rubik. Consider loading fewer weights and subsets by passing options to loadFont(). Disable this warning by passing "ignoreTooManyRequestsWarning: true" to "options". @ http://localhost:3000/bundle.js:132406
[     982ms] [WARNING] Made 84 network requests to load fonts for Rubik. Consider loading fewer weights and subsets by passing options to loadFont(). Disable this warning by passing "ignoreTooManyRequestsWarning: true" to "options". @ http://localhost:3000/bundle.js:132406
[     997ms] [WARNING] Made 45 network requests to load fonts for Heebo. Consider loading fewer weights and subsets by passing options to loadFont(). Disable this warning by passing "ignoreTooManyRequestsWarning: true" to "options". @ http://localhost:3000/bundle.js:132192
[    1046ms] [INFO] %cDownload the React DevTools for a better development experience: https://react.dev/link/react-devtools font-weight:bold @ http://localhost:3000/bundle.js:74369
[ 2303213ms] [ERROR] Failed to load resource: net::ERR_INSUFFICIENT_RESOURCES @ http://localhost:3000/static-2776154d04bf/screenshots/stitch-project.png:0
[ 2303216ms] [WARNING] EncodingError: The source image cannot be decoded. @ http://localhost:3000/bundle.js:180011
[ 2303268ms] [WARNING] Could not load image with source http://localhost:3000/static-2776154d04bf/screenshots/stitch-project.png, retrying again in 1000ms @ http://localhost:3000/bundle.js:179960
[ 2306447ms] [ERROR] Failed to load resource: net::ERR_INSUFFICIENT_RESOURCES @ http://localhost:3000/static-2776154d04bf/screenshots/stitch-project.png:0
[ 2307501ms] [WARNING] Could not load image with source http://localhost:3000/static-2776154d04bf/screenshots/stitch-project.png, retrying again in 2000ms @ http://localhost:3000/bundle.js:179960
[ 2309568ms] [ERROR] Failed to load resource: net::ERR_INSUFFICIENT_RESOURCES @ http://localhost:3000/static-2776154d04bf/screenshots/landing-after.png:0
[ 2309568ms] [WARNING] EncodingError: The source image cannot be decoded. @ http://localhost:3000/bundle.js:180011
[ 2309569ms] [WARNING] Could not load image with source http://localhost:3000/static-2776154d04bf/screenshots/landing-after.png, retrying again in 1000ms @ http://localhost:3000/bundle.js:179960
[ 2310584ms] [ERROR] Failed to load resource: net::ERR_INSUFFICIENT_RESOURCES @ http://localhost:3000/static-2776154d04bf/screenshots/landing-after.png:0
[ 2310597ms] [INFO] Retry successful - http://localhost:3000/static-2776154d04bf/screenshots/landing-after.png is now loaded @ http://localhost:3000/bundle.js:179997
[ 2313844ms] [ERROR] Failed to load resource: net::ERR_INSUFFICIENT_RESOURCES @ http://localhost:3000/static-2776154d04bf/screenshots/stitch-web1.png:0
[ 2313844ms] [WARNING] EncodingError: The source image cannot be decoded. @ http://localhost:3000/bundle.js:180011
[ 2316974ms] [ERROR] Failed to load resource: net::ERR_INSUFFICIENT_RESOURCES @ http://localhost:3000/static-2776154d04bf/screenshots/stitch-result.png:0
[ 2316974ms] [WARNING] EncodingError: The source image cannot be decoded. @ http://localhost:3000/bundle.js:180011
[ 2316974ms] [ERROR] Failed to load resource: net::ERR_INSUFFICIENT_RESOURCES @ http://localhost:3000/static-2776154d04bf/screenshots/stitch-web2.png:0
[ 2316974ms] [WARNING] EncodingError: The source image cannot be decoded. @ http://localhost:3000/bundle.js:180011
[ 2316974ms] [ERROR] Failed to load resource: net::ERR_INSUFFICIENT_RESOURCES @ http://localhost:3000/static-2776154d04bf/screenshots/stitch-web2.png:0
[ 2317291ms] [WARNING] Could not load image with source http://localhost:3000/static-2776154d04bf/screenshots/stitch-web1.png, retrying again in 1000ms @ http://localhost:3000/bundle.js:179960
[ 2317292ms] [WARNING] Could not load image with source http://localhost:3000/static-2776154d04bf/screenshots/stitch-result.png, retrying again in 1000ms @ http://localhost:3000/bundle.js:179960
[ 2317293ms] [WARNING] Could not load image with source http://localhost:3000/static-2776154d04bf/screenshots/stitch-web2.png, retrying again in 1000ms @ http://localhost:3000/bundle.js:179960
[ 2318408ms] [INFO] Retry successful - http://localhost:3000/static-2776154d04bf/screenshots/stitch-web1.png is now loaded @ http://localhost:3000/bundle.js:179997
[ 2318418ms] [INFO] Retry successful - http://localhost:3000/static-2776154d04bf/screenshots/stitch-web2.png is now loaded @ http://localhost:3000/bundle.js:179997
[ 2318458ms] [INFO] Retry successful - http://localhost:3000/static-2776154d04bf/screenshots/stitch-result.png is now loaded @ http://localhost:3000/bundle.js:179997
[ 2661556ms] [LOG] [Fast refresh] ./src/scenes/HookScene.tsx fast refreshed. @ http://localhost:3000/bundle.js:44623
[ 2671076ms] [LOG] [Fast refresh] ./src/scenes/Feature1Scene.tsx fast refreshed. @ http://localhost:3000/bundle.js:44623
[ 2686755ms] [LOG] [Fast refresh] ./src/scenes/Feature2Scene.tsx fast refreshed. @ http://localhost:3000/bundle.js:44623
[ 2733133ms] [LOG] [Fast refresh] ./src/scenes/BenefitsScene.tsx fast refreshed. @ http://localhost:3000/bundle.js:44623
[ 2755266ms] [LOG] [Fast refresh] ./src/scenes/SummaryScene.tsx fast refreshed. @ http://localhost:3000/bundle.js:44623
