[    1192ms] [ERROR] Failed to load resource: net::ERR_FAILED @ chrome-extension://invalid/:0
[    8839ms] [ERROR] Framing 'https://accounts.google.com/' violates the following Content Security Policy directive: "frame-ancestors https://studio.workspace.google.com". The request has been blocked.
 @ :0
[   10661ms] [WARNING] An iframe which has both allow-scripts and allow-same-origin for its sandbox attribute can escape its sandboxing. @ https://drive.google.com/auth_warmup:0
[   11797ms] [ERROR] Failed to load resource: net::ERR_FAILED @ chrome-extension://invalid/:0
[   11944ms] [ERROR] Failed to load resource: net::ERR_FAILED @ chrome-extension://invalid/:0
[   11988ms] [ERROR] Failed to load resource: net::ERR_FAILED @ chrome-extension://invalid/:0
[   11995ms] [ERROR] Failed to load resource: net::ERR_FAILED @ chrome-extension://invalid/:0
[   12590ms] [ERROR] Framing 'https://ogs.google.com/' violates the following Content Security Policy directive: "frame-ancestors https://studio.workspace.google.com". The request has been blocked.
 @ :0
[   71111ms] Error: DOCS_initialLoadTiming is not defined.
    at https://drive.google.com/file/u/0/preload?source=drive:11:636
[   71117ms] Error: DOCS_initialLoadTiming is not defined.
    at https://docs.google.com/drawings/u/0/preload?source=drive:20:751
[   71124ms] Error: DOCS_initialLoadTiming is not defined.
    at https://docs.google.com/presentation/u/0/preload?source=drive:20:1097
[   71133ms] Error: DOCS_initialLoadTiming is not defined.
    at https://docs.google.com/spreadsheets/u/0/preload?source=drive:11:15867
[   71141ms] Error: DOCS_initialLoadTiming is not defined.
    at https://docs.google.com/document/u/0/preload?source=drive:20:520
[   71144ms] Error: DOCS_initialLoadTiming is not defined.
    at https://docs.google.com/videos/u/0/preload?source=drive:20:1292
[ 1337055ms] [ERROR] Failed to load resource: net::ERR_QUIC_PROTOCOL_ERROR.QUIC_TOO_MANY_RTOS @ https://signaler-pa.clients6.google.com/punctual/multi-watch/channel?VER=8&gsessionid=Qkl_xckEPaQ2s_SnSsafs_k8tW7zqJFsvpk-Bqpw2ys&key=AIzaSyAWGrfCCr7albM3lmCc937gx4uIphbpeKQ&RID=rpc&SID=AXQGmkTWbDFNVFrqyeoKCA&AID=0&CI=0&TYPE=xmlhttp&zx=1za38riq8sd7&t=1:0
[ 1337056ms] [ERROR] Failed to load resource: net::ERR_QUIC_PROTOCOL_ERROR.QUIC_TOO_MANY_RTOS @ https://signaler-pa.clients6.google.com/punctual/multi-watch/channel?VER=8&gsessionid=vP2h-pCzWY-THKk9YPatgoJM1xXRT1aJysC45QXe6lo&key=AIzaSyD8UdE_EruehS10c9NGvoO6bVaoesjWgZs&RID=rpc&SID=kWChHmiwHlO5n6alc7zlmg&AID=0&CI=0&TYPE=xmlhttp&zx=1kmf6pbseafx&t=1:0
[ 1364126ms] [ERROR] Failed to load resource: net::ERR_NAME_NOT_RESOLVED @ https://play.google.com/log?format=json&hasfast=true&authuser=0:0
[ 1375062ms] [ERROR] Failed to load resource: net::ERR_NAME_NOT_RESOLVED @ https://signaler-pa.clients6.google.com/punctual/multi-watch/channel?VER=8&gsessionid=Qkl_xckEPaQ2s_SnSsafs_k8tW7zqJFsvpk-Bqpw2ys&key=AIzaSyAWGrfCCr7albM3lmCc937gx4uIphbpeKQ&RID=rpc&SID=AXQGmkTWbDFNVFrqyeoKCA&AID=14&CI=0&TYPE=xmlhttp&zx=oz6mc81qrbma&t=2:0
[ 1375063ms] [ERROR] Failed to load resource: net::ERR_NAME_NOT_RESOLVED @ https://signaler-pa.clients6.google.com/punctual/multi-watch/channel?VER=8&gsessionid=vP2h-pCzWY-THKk9YPatgoJM1xXRT1aJysC45QXe6lo&key=AIzaSyD8UdE_EruehS10c9NGvoO6bVaoesjWgZs&RID=rpc&SID=kWChHmiwHlO5n6alc7zlmg&AID=11&CI=0&TYPE=xmlhttp&zx=e1izxsy3yrq&t=2:0
[ 1386394ms] [ERROR] Failed to load resource: net::ERR_NAME_NOT_RESOLVED @ https://ssl.gstatic.com/docs/common/cleardot.gif?zx=b9zb2szejc7t:0
[ 1386398ms] [ERROR] Failed to load resource: net::ERR_NAME_NOT_RESOLVED @ https://ssl.gstatic.com/docs/common/cleardot.gif?zx=xcahej9c1c4f:0
[ 1409409ms] [ERROR] Failed to load resource: net::ERR_CONNECTION_RESET @ https://ssl.gstatic.com/docs/common/cleardot.gif?zx=9yiofd7x92vy:0
[ 1409411ms] [ERROR] Failed to load resource: net::ERR_CONNECTION_RESET @ https://ssl.gstatic.com/docs/common/cleardot.gif?zx=x5i2td7ar339:0
[ 1409412ms] [ERROR] Failed to load resource: net::ERR_CONNECTION_RESET @ https://ssl.gstatic.com/docs/common/cleardot.gif?zx=wcbmt98wslhq:0
[ 1423851ms] [ERROR] Failed to load resource: net::ERR_NAME_NOT_RESOLVED @ https://play.google.com/log?format=json&hasfast=true&authuser=0:0
[ 1423855ms] [ERROR] Failed to load resource: net::ERR_NAME_NOT_RESOLVED @ https://play.google.com/log?format=json&hasfast=true&authuser=0:0
[ 1435238ms] [ERROR] Failed to load resource: net::ERR_NAME_NOT_RESOLVED @ https://ssl.gstatic.com/docs/common/cleardot.gif?zx=aycp0so3urrq:0
[ 1435243ms] [ERROR] Failed to load resource: net::ERR_NAME_NOT_RESOLVED @ https://ssl.gstatic.com/docs/common/cleardot.gif?zx=qn519jdaz3qj:0
[ 1435243ms] [ERROR] Failed to load resource: net::ERR_NAME_NOT_RESOLVED @ https://ssl.gstatic.com/docs/common/cleardot.gif?zx=fmk69wczbq03:0
[ 1460860ms] [ERROR] Failed to load resource: net::ERR_NAME_NOT_RESOLVED @ https://ssl.gstatic.com/docs/common/cleardot.gif?zx=ibiwtf6is2xd:0
[ 1460864ms] [ERROR] Failed to load resource: net::ERR_NAME_NOT_RESOLVED @ https://ssl.gstatic.com/docs/common/cleardot.gif?zx=j2jese1dcbp0:0
[ 1460864ms] [ERROR] Failed to load resource: net::ERR_NAME_NOT_RESOLVED @ https://ssl.gstatic.com/docs/common/cleardot.gif?zx=neue22jufs5y:0
[ 1460867ms] [ERROR] Failed to load resource: net::ERR_NAME_NOT_RESOLVED @ https://ssl.gstatic.com/docs/common/cleardot.gif?zx=4bj4c4hwam3q:0
[ 1460867ms] [ERROR] Failed to load resource: net::ERR_NAME_NOT_RESOLVED @ https://ssl.gstatic.com/docs/common/cleardot.gif?zx=nz7hoi2mb3ay:0
[ 1480436ms] [ERROR] Failed to load resource: net::ERR_NAME_NOT_RESOLVED @ https://signaler-pa.clients6.google.com/punctual/multi-watch/channel?VER=8&gsessionid=Qkl_xckEPaQ2s_SnSsafs_k8tW7zqJFsvpk-Bqpw2ys&key=AIzaSyAWGrfCCr7albM3lmCc937gx4uIphbpeKQ&RID=rpc&SID=AXQGmkTWbDFNVFrqyeoKCA&AID=14&CI=0&TYPE=xmlhttp&zx=3vpapupyksi4&t=4:0
[ 1480438ms] [ERROR] Failed to load resource: net::ERR_NAME_NOT_RESOLVED @ https://signaler-pa.clients6.google.com/punctual/multi-watch/channel?VER=8&gsessionid=vP2h-pCzWY-THKk9YPatgoJM1xXRT1aJysC45QXe6lo&key=AIzaSyD8UdE_EruehS10c9NGvoO6bVaoesjWgZs&RID=rpc&SID=kWChHmiwHlO5n6alc7zlmg&AID=11&CI=0&TYPE=xmlhttp&zx=9z9w4csmxuqc&t=4:0
[ 1482318ms] [ERROR] Failed to load resource: net::ERR_NAME_NOT_RESOLVED @ https://ssl.gstatic.com/docs/common/cleardot.gif?zx=ddqs9q75knv9:0
[ 1482320ms] [ERROR] Failed to load resource: net::ERR_NAME_NOT_RESOLVED @ https://ssl.gstatic.com/docs/common/cleardot.gif?zx=4derzkoqo0wv:0
[ 1482320ms] [ERROR] Failed to load resource: net::ERR_NAME_NOT_RESOLVED @ https://ssl.gstatic.com/docs/common/cleardot.gif?zx=g5jvhdxrwuu0:0
[ 1482321ms] [ERROR] Failed to load resource: net::ERR_NAME_NOT_RESOLVED @ https://ssl.gstatic.com/docs/common/cleardot.gif?zx=3eekepggsxo:0
[ 1482321ms] [ERROR] Failed to load resource: net::ERR_NAME_NOT_RESOLVED @ https://ssl.gstatic.com/docs/common/cleardot.gif?zx=f1obb9pvvisf:0
[ 1496881ms] [ERROR] Failed to load resource: net::ERR_NAME_NOT_RESOLVED @ https://ssl.gstatic.com/docs/common/cleardot.gif?zx=7ezjcsc6xn4i:0
[ 1496885ms] [ERROR] Failed to load resource: net::ERR_NAME_NOT_RESOLVED @ https://ssl.gstatic.com/docs/common/cleardot.gif?zx=uj7he6lfi0y5:0
[ 1496885ms] [ERROR] Failed to load resource: net::ERR_NAME_NOT_RESOLVED @ https://ssl.gstatic.com/docs/common/cleardot.gif?zx=8634qdtnw3eh:0
[ 1517399ms] [ERROR] Failed to load resource: net::ERR_NAME_NOT_RESOLVED @ https://www.google.com/images/cleardot.gif?zx=muzr3nvx0qc2:0
[ 1517400ms] [ERROR] Failed to load resource: net::ERR_NAME_NOT_RESOLVED @ https://www.google.com/images/cleardot.gif?zx=u0fgtlul7unh:0
[ 1518373ms] [ERROR] Failed to load resource: net::ERR_NAME_NOT_RESOLVED @ https://ssl.gstatic.com/docs/common/cleardot.gif?zx=y5q0bjfwt4ru:0
[ 1518376ms] [ERROR] Failed to load resource: net::ERR_NAME_NOT_RESOLVED @ https://ssl.gstatic.com/docs/common/cleardot.gif?zx=19i38q1s2el5:0
[ 1518377ms] [ERROR] Failed to load resource: net::ERR_NAME_NOT_RESOLVED @ https://ssl.gstatic.com/docs/common/cleardot.gif?zx=2gvwiz7zr33n:0
[ 1518377ms] [ERROR] Failed to load resource: net::ERR_NAME_NOT_RESOLVED @ https://ssl.gstatic.com/docs/common/cleardot.gif?zx=e5xps2l57rz4:0
[ 1518378ms] [ERROR] Failed to load resource: net::ERR_NAME_NOT_RESOLVED @ https://ssl.gstatic.com/docs/common/cleardot.gif?zx=810znag53znz:0
[ 1518378ms] [ERROR] Failed to load resource: net::ERR_NAME_NOT_RESOLVED @ https://ssl.gstatic.com/docs/common/cleardot.gif?zx=c8y1l2ksn5ex:0
[ 1535971ms] [ERROR] Failed to load resource: net::ERR_NAME_NOT_RESOLVED @ https://waa-pa.clients6.google.com/$rpc/google.internal.waa.v1.Waa/Ping:0
[ 1535971ms] [ERROR] Failed to load resource: net::ERR_NAME_NOT_RESOLVED @ https://play.google.com/log?format=json&hasfast=true&authuser=0:0
[ 1535973ms] [ERROR] Failed to load resource: net::ERR_NAME_NOT_RESOLVED @ https://play.google.com/log?hasfast=true&auth=SAPISIDHASH+bcaf7eb1fd77cd62bb216e5f9f6f321689aa9a38+SAPISID1PHASH+bcaf7eb1fd77cd62bb216e5f9f6f321689aa9a38+SAPISID3PHASH+bcaf7eb1fd77cd62bb216e5f9f6f321689aa9a38&authuser=0&format=json:0
[ 1539868ms] [ERROR] Failed to load resource: net::ERR_NAME_NOT_RESOLVED @ https://ssl.gstatic.com/docs/common/cleardot.gif?zx=cd273bp1evi6:0
[ 1539874ms] [ERROR] Failed to load resource: net::ERR_NAME_NOT_RESOLVED @ https://ssl.gstatic.com/docs/common/cleardot.gif?zx=z41wk9pn28il:0
[ 1539874ms] [ERROR] Failed to load resource: net::ERR_NAME_NOT_RESOLVED @ https://ssl.gstatic.com/docs/common/cleardot.gif?zx=xzx0hhm1bt70:0
[ 1539875ms] [ERROR] Failed to load resource: net::ERR_NAME_NOT_RESOLVED @ https://ssl.gstatic.com/docs/common/cleardot.gif?zx=y6kxkvp6kckw:0
[ 1554442ms] [ERROR] Failed to load resource: net::ERR_NAME_NOT_RESOLVED @ https://ssl.gstatic.com/docs/common/cleardot.gif?zx=hqw4hhm65s9i:0
[ 1554447ms] [ERROR] Failed to load resource: net::ERR_NAME_NOT_RESOLVED @ https://ssl.gstatic.com/docs/common/cleardot.gif?zx=qlmkj36yhagt:0
[ 1554448ms] [ERROR] Failed to load resource: net::ERR_NAME_NOT_RESOLVED @ https://ssl.gstatic.com/docs/common/cleardot.gif?zx=pbam8lygd5bw:0
[ 1554448ms] [ERROR] Failed to load resource: net::ERR_NAME_NOT_RESOLVED @ https://ssl.gstatic.com/docs/common/cleardot.gif?zx=njpx4m20caw6:0
[ 1561071ms] [ERROR] Failed to load resource: net::ERR_NAME_NOT_RESOLVED @ https://signaler-pa.clients6.google.com/punctual/v1/chooseServer?key=AIzaSyD8UdE_EruehS10c9NGvoO6bVaoesjWgZs:0
[ 1561073ms] [ERROR] Failed to load resource: net::ERR_NAME_NOT_RESOLVED @ https://signaler-pa.clients6.google.com/punctual/v1/chooseServer?key=AIzaSyAWGrfCCr7albM3lmCc937gx4uIphbpeKQ:0
[ 1569960ms] [ERROR] Failed to load resource: net::ERR_NAME_NOT_RESOLVED @ https://ssl.gstatic.com/docs/common/cleardot.gif?zx=gediv7h1c370:0
[ 1569967ms] [ERROR] Failed to load resource: net::ERR_NAME_NOT_RESOLVED @ https://ssl.gstatic.com/docs/common/cleardot.gif?zx=55zhwomr86yd:0
[ 1569968ms] [ERROR] Failed to load resource: net::ERR_NAME_NOT_RESOLVED @ https://ssl.gstatic.com/docs/common/cleardot.gif?zx=264qwt6sb1y:0
[ 1569968ms] [ERROR] Failed to load resource: net::ERR_NAME_NOT_RESOLVED @ https://ssl.gstatic.com/docs/common/cleardot.gif?zx=nvoz61m0eizn:0
[ 1569968ms] [ERROR] Failed to load resource: net::ERR_NAME_NOT_RESOLVED @ https://ssl.gstatic.com/docs/common/cleardot.gif?zx=ea5kusgvrffg:0
[ 1573027ms] [ERROR] Failed to load resource: net::ERR_NAME_NOT_RESOLVED @ https://waa-pa.googleapis.com/$rpc/google.internal.waa.v1.Waa/Ping:0
[ 1584514ms] [ERROR] Failed to load resource: net::ERR_NAME_NOT_RESOLVED @ https://ssl.gstatic.com/docs/common/cleardot.gif?zx=pv8ol3wdg7kq:0
[ 1584517ms] [ERROR] Failed to load resource: net::ERR_NAME_NOT_RESOLVED @ https://ssl.gstatic.com/docs/common/cleardot.gif?zx=6wz0xi3xrguj:0
[ 1584517ms] [ERROR] Failed to load resource: net::ERR_NAME_NOT_RESOLVED @ https://ssl.gstatic.com/docs/common/cleardot.gif?zx=p289ypcpje7z:0
[ 1584517ms] [ERROR] Failed to load resource: net::ERR_NAME_NOT_RESOLVED @ https://ssl.gstatic.com/docs/common/cleardot.gif?zx=bp26dxk00uzk:0
[ 1584517ms] [ERROR] Failed to load resource: net::ERR_NAME_NOT_RESOLVED @ https://ssl.gstatic.com/docs/common/cleardot.gif?zx=tmeom76gmn:0
[ 1599061ms] [ERROR] Failed to load resource: net::ERR_NAME_NOT_RESOLVED @ https://ssl.gstatic.com/docs/common/cleardot.gif?zx=dqkj161h2a30:0
[ 1599063ms] [ERROR] Failed to load resource: net::ERR_NAME_NOT_RESOLVED @ https://ssl.gstatic.com/docs/common/cleardot.gif?zx=o97rsvdcns1e:0
[ 1599063ms] [ERROR] Failed to load resource: net::ERR_NAME_NOT_RESOLVED @ https://ssl.gstatic.com/docs/common/cleardot.gif?zx=jv035msw1cjp:0
[ 1667648ms] [ERROR] Failed to load resource: net::ERR_QUIC_PROTOCOL_ERROR.QUIC_TOO_MANY_RTOS @ https://signaler-pa.clients6.google.com/punctual/multi-watch/channel?VER=8&gsessionid=-i6BXmJejU45eFoGA8TRZSj9jD5VdyQbkh4QqVBA6a4&key=AIzaSyD8UdE_EruehS10c9NGvoO6bVaoesjWgZs&RID=rpc&SID=rpzSCsH391Bl_zA-DdszLA&AID=0&CI=0&TYPE=xmlhttp&zx=kbsc9f41njpv&t=1:0
[ 1667660ms] [ERROR] Failed to load resource: net::ERR_QUIC_PROTOCOL_ERROR.QUIC_TOO_MANY_RTOS @ https://signaler-pa.clients6.google.com/punctual/multi-watch/channel?VER=8&gsessionid=prKNzwUkSvAFo9spSiJyYGpr8vOU-c3hZ5eahQCVJS4&key=AIzaSyAWGrfCCr7albM3lmCc937gx4uIphbpeKQ&RID=rpc&SID=s883_YU0_99tIGEuWCsT1g&AID=0&CI=0&TYPE=xmlhttp&zx=jzzatkxv5nha&t=1:0
[ 1669173ms] [ERROR] Failed to load resource: net::ERR_NAME_NOT_RESOLVED @ https://play.google.com/log?format=json&hasfast=true&authuser=0:0
[ 1691449ms] [ERROR] Failed to load resource: net::ERR_NAME_NOT_RESOLVED @ https://ssl.gstatic.com/docs/common/cleardot.gif?zx=vcahz9k7cy2l:0
[ 1691452ms] [ERROR] Failed to load resource: net::ERR_NAME_NOT_RESOLVED @ https://ssl.gstatic.com/docs/common/cleardot.gif?zx=p26lkwnsyapq:0
[ 1691452ms] [ERROR] Failed to load resource: net::ERR_NAME_NOT_RESOLVED @ https://ssl.gstatic.com/docs/common/cleardot.gif?zx=gkterm1mi0hx:0
[ 1703737ms] [ERROR] Failed to load resource: net::ERR_NAME_NOT_RESOLVED @ https://signaler-pa.clients6.google.com/punctual/multi-watch/channel?VER=8&gsessionid=prKNzwUkSvAFo9spSiJyYGpr8vOU-c3hZ5eahQCVJS4&key=AIzaSyAWGrfCCr7albM3lmCc937gx4uIphbpeKQ&RID=rpc&SID=s883_YU0_99tIGEuWCsT1g&AID=6&CI=0&TYPE=xmlhttp&zx=jpcq1076vba9&t=2:0
[ 1703738ms] [ERROR] Failed to load resource: net::ERR_NAME_NOT_RESOLVED @ https://signaler-pa.clients6.google.com/punctual/multi-watch/channel?VER=8&gsessionid=-i6BXmJejU45eFoGA8TRZSj9jD5VdyQbkh4QqVBA6a4&key=AIzaSyD8UdE_EruehS10c9NGvoO6bVaoesjWgZs&RID=rpc&SID=rpzSCsH391Bl_zA-DdszLA&AID=4&CI=0&TYPE=xmlhttp&zx=y6cmeqpb9xxp&t=2:0
[ 1706528ms] [ERROR] Failed to load resource: net::ERR_NETWORK_CHANGED @ https://addons-pa.clients6.google.com/$rpc/google.internal.apps.addons.v1.AddOnService/ListInstallations:0
[ 1706528ms] [ERROR] Failed to load resource: net::ERR_NETWORK_CHANGED @ https://ssl.gstatic.com/docs/common/cleardot.gif?zx=6aac3yb06rhp:0
[ 1706528ms] [ERROR] Failed to load resource: net::ERR_NETWORK_CHANGED @ https://ssl.gstatic.com/docs/common/cleardot.gif?zx=8f36u6c45f7d:0
[ 1706528ms] [ERROR] Failed to load resource: net::ERR_NAME_NOT_RESOLVED @ https://ssl.gstatic.com/docs/common/cleardot.gif?zx=tapkhamq1xpe:0
[ 1706545ms] [ERROR] Failed to load resource: net::ERR_NETWORK_CHANGED @ https://play.google.com/log?format=json&hasfast=true&authuser=0:0
[ 1706545ms] [ERROR] Failed to load resource: net::ERR_NETWORK_CHANGED @ https://play.google.com/log?format=json&hasfast=true&authuser=0:0
[ 1707028ms] [ERROR] Failed to load resource: net::ERR_NAME_NOT_RESOLVED @ https://ssl.gstatic.com/docs/common/cleardot.gif?zx=39b2rhurlvl3:0
[ 1707031ms] [ERROR] Failed to load resource: net::ERR_NAME_NOT_RESOLVED @ https://ssl.gstatic.com/docs/common/cleardot.gif?zx=a5dhjd6fku4r:0
[ 1707031ms] [ERROR] Failed to load resource: net::ERR_NAME_NOT_RESOLVED @ https://ssl.gstatic.com/docs/common/cleardot.gif?zx=bbk9fq2k7jm1:0
[ 1707031ms] [ERROR] Failed to load resource: net::ERR_NAME_NOT_RESOLVED @ https://ssl.gstatic.com/docs/common/cleardot.gif?zx=4owkfxdbkbdw:0
[ 1708470ms] [ERROR] Failed to load resource: net::ERR_INTERNET_DISCONNECTED @ https://ssl.gstatic.com/docs/common/cleardot.gif?zx=ulvw8jfyjaos:0
[ 1708481ms] [ERROR] Failed to load resource: net::ERR_INTERNET_DISCONNECTED @ https://ssl.gstatic.com/docs/common/cleardot.gif?zx=lyqjnxjcafkm:0
[ 1708483ms] [ERROR] Failed to load resource: net::ERR_INTERNET_DISCONNECTED @ https://ssl.gstatic.com/docs/common/cleardot.gif?zx=u8svuo72len:0
[ 1713673ms] [ERROR] Failed to load resource: net::ERR_NAME_NOT_RESOLVED @ https://ssl.gstatic.com/docs/common/cleardot.gif?zx=2a0tq18893mp:0
[ 1731954ms] [ERROR] Failed to load resource: net::ERR_NAME_NOT_RESOLVED @ https://ssl.gstatic.com/docs/common/cleardot.gif?zx=vnwv6fq526l5:0
[ 1731961ms] [ERROR] Failed to load resource: net::ERR_NAME_NOT_RESOLVED @ https://ssl.gstatic.com/docs/common/cleardot.gif?zx=bhq8743gkog9:0
[ 1756266ms] [ERROR] Failed to load resource: net::ERR_NAME_NOT_RESOLVED @ https://ssl.gstatic.com/docs/common/cleardot.gif?zx=jfg78s4o8efx:0
[ 1756269ms] [ERROR] Failed to load resource: net::ERR_NAME_NOT_RESOLVED @ https://ssl.gstatic.com/docs/common/cleardot.gif?zx=4ax0596dnvl5:0
[ 1756270ms] [ERROR] Failed to load resource: net::ERR_NAME_NOT_RESOLVED @ https://ssl.gstatic.com/docs/common/cleardot.gif?zx=39eenimthm8q:0
[ 1756270ms] [ERROR] Failed to load resource: net::ERR_NAME_NOT_RESOLVED @ https://ssl.gstatic.com/docs/common/cleardot.gif?zx=ip71ontvlsgz:0
[ 1761063ms] [ERROR] Failed to load resource: net::ERR_NAME_NOT_RESOLVED @ https://signaler-pa.clients6.google.com/punctual/multi-watch/channel?VER=8&gsessionid=prKNzwUkSvAFo9spSiJyYGpr8vOU-c3hZ5eahQCVJS4&key=AIzaSyAWGrfCCr7albM3lmCc937gx4uIphbpeKQ&RID=rpc&SID=s883_YU0_99tIGEuWCsT1g&AID=6&CI=0&TYPE=xmlhttp&zx=lr44k2frotg5&t=3:0
[ 1761074ms] [ERROR] Failed to load resource: net::ERR_NAME_NOT_RESOLVED @ https://signaler-pa.clients6.google.com/punctual/multi-watch/channel?VER=8&gsessionid=-i6BXmJejU45eFoGA8TRZSj9jD5VdyQbkh4QqVBA6a4&key=AIzaSyD8UdE_EruehS10c9NGvoO6bVaoesjWgZs&RID=rpc&SID=rpzSCsH391Bl_zA-DdszLA&AID=4&CI=0&TYPE=xmlhttp&zx=m50w5lwfxwct&t=3:0
[ 1762609ms] [ERROR] Failed to load resource: net::ERR_NAME_NOT_RESOLVED @ https://play.google.com/log?format=json&hasfast=true&authuser=0:0
[ 1774574ms] [ERROR] Failed to load resource: net::ERR_NAME_NOT_RESOLVED @ https://ssl.gstatic.com/docs/common/cleardot.gif?zx=n35i3h3t79qd:0
[ 1774576ms] [ERROR] Failed to load resource: net::ERR_NAME_NOT_RESOLVED @ https://ssl.gstatic.com/docs/common/cleardot.gif?zx=390zgalywkqw:0
[ 1774576ms] [ERROR] Failed to load resource: net::ERR_NAME_NOT_RESOLVED @ https://ssl.gstatic.com/docs/common/cleardot.gif?zx=vi5ih7oq1rj3:0
[ 1774577ms] [ERROR] Failed to load resource: net::ERR_NAME_NOT_RESOLVED @ https://ssl.gstatic.com/docs/common/cleardot.gif?zx=sdrgytaqto5k:0
[ 1774577ms] [ERROR] Failed to load resource: net::ERR_NAME_NOT_RESOLVED @ https://ssl.gstatic.com/docs/common/cleardot.gif?zx=zcj8qi6t1qsp:0
[ 1789686ms] [ERROR] Failed to load resource: net::ERR_NETWORK_CHANGED @ https://ssl.gstatic.com/docs/common/cleardot.gif?zx=apbcpii87zzf:0
[ 1789687ms] [ERROR] Failed to load resource: net::ERR_NETWORK_CHANGED @ https://ssl.gstatic.com/docs/common/cleardot.gif?zx=37n9ur6owy3e:0
[ 1789687ms] [ERROR] Failed to load resource: net::ERR_NETWORK_CHANGED @ https://ssl.gstatic.com/docs/common/cleardot.gif?zx=8t6mkmo8i4hd:0
[ 1789688ms] [ERROR] Failed to load resource: net::ERR_NETWORK_CHANGED @ https://ssl.gstatic.com/docs/common/cleardot.gif?zx=gwvfe2q0qria:0
[ 1789688ms] [ERROR] Failed to load resource: net::ERR_NETWORK_CHANGED @ https://ssl.gstatic.com/docs/common/cleardot.gif?zx=ew8gf3a49aui:0
[ 1789688ms] [ERROR] Failed to load resource: net::ERR_NETWORK_CHANGED @ https://ssl.gstatic.com/docs/common/cleardot.gif?zx=wp19dfwhu1lk:0
[ 1789689ms] [ERROR] Failed to load resource: net::ERR_NETWORK_CHANGED @ https://ssl.gstatic.com/docs/common/cleardot.gif?zx=v7hld5eds46o:0
[ 1789689ms] [ERROR] Failed to load resource: net::ERR_NETWORK_CHANGED @ https://ssl.gstatic.com/docs/common/cleardot.gif?zx=fxbqtsvkm752:0
[ 1789689ms] [ERROR] Failed to load resource: net::ERR_NETWORK_CHANGED @ https://ssl.gstatic.com/docs/common/cleardot.gif?zx=puizbqbhc4b9:0
[ 1813977ms] [ERROR] Failed to load resource: net::ERR_NAME_NOT_RESOLVED @ https://ssl.gstatic.com/docs/common/cleardot.gif?zx=aaixp2fbipfm:0
[ 1813991ms] [ERROR] Failed to load resource: net::ERR_NAME_NOT_RESOLVED @ https://ssl.gstatic.com/docs/common/cleardot.gif?zx=wnrkr9w5it5s:0
[ 1813994ms] [ERROR] Failed to load resource: net::ERR_NAME_NOT_RESOLVED @ https://ssl.gstatic.com/docs/common/cleardot.gif?zx=8o0ukizb9jmb:0
[ 1813997ms] [ERROR] Failed to load resource: net::ERR_NAME_NOT_RESOLVED @ https://signaler-pa.clients6.google.com/punctual/multi-watch/channel?VER=8&gsessionid=-i6BXmJejU45eFoGA8TRZSj9jD5VdyQbkh4QqVBA6a4&key=AIzaSyD8UdE_EruehS10c9NGvoO6bVaoesjWgZs&RID=rpc&SID=rpzSCsH391Bl_zA-DdszLA&AID=4&CI=0&TYPE=xmlhttp&zx=tthpm7da5z52&t=4:0
[ 1814001ms] [ERROR] Failed to load resource: net::ERR_NAME_NOT_RESOLVED @ https://signaler-pa.clients6.google.com/punctual/multi-watch/channel?VER=8&gsessionid=prKNzwUkSvAFo9spSiJyYGpr8vOU-c3hZ5eahQCVJS4&key=AIzaSyAWGrfCCr7albM3lmCc937gx4uIphbpeKQ&RID=rpc&SID=s883_YU0_99tIGEuWCsT1g&AID=6&CI=0&TYPE=xmlhttp&zx=o968phd6o40&t=4:0
[ 1841612ms] [ERROR] Failed to load resource: net::ERR_NAME_NOT_RESOLVED @ https://waa-pa.clients6.google.com/$rpc/google.internal.waa.v1.Waa/Ping:0
[ 1843349ms] [ERROR] Failed to load resource: net::ERR_NAME_NOT_RESOLVED @ https://ssl.gstatic.com/docs/common/cleardot.gif?zx=t63grsowtxxb:0
[ 1843355ms] [ERROR] Failed to load resource: net::ERR_NAME_NOT_RESOLVED @ https://ssl.gstatic.com/docs/common/cleardot.gif?zx=qgno5vm1uff5:0
[ 1843355ms] [ERROR] Failed to load resource: net::ERR_NAME_NOT_RESOLVED @ https://ssl.gstatic.com/docs/common/cleardot.gif?zx=9wtlp8url75v:0
[ 1843356ms] [ERROR] Failed to load resource: net::ERR_NAME_NOT_RESOLVED @ https://ssl.gstatic.com/docs/common/cleardot.gif?zx=l1qmpy357cq7:0
[ 1843356ms] [ERROR] Failed to load resource: net::ERR_NAME_NOT_RESOLVED @ https://ssl.gstatic.com/docs/common/cleardot.gif?zx=9tmvu0qkbyam:0
[ 1846174ms] [ERROR] Failed to load resource: net::ERR_CONNECTION_TIMED_OUT @ https://play.google.com/log?format=json&hasfast=true&authuser=0:0
[ 1846422ms] [ERROR] Failed to load resource: net::ERR_CONNECTION_TIMED_OUT @ https://play.google.com/log?format=json&hasfast=true&authuser=0:0
[ 1846472ms] [ERROR] Failed to load resource: net::ERR_CONNECTION_TIMED_OUT @ https://play.google.com/log?hasfast=true&auth=SAPISIDHASH+bcaf7eb1fd77cd62bb216e5f9f6f321689aa9a38+SAPISID1PHASH+bcaf7eb1fd77cd62bb216e5f9f6f321689aa9a38+SAPISID3PHASH+bcaf7eb1fd77cd62bb216e5f9f6f321689aa9a38&authuser=0&format=json:0
